// Jest Snapshot v1, https://goo.gl/fbAQLP

exports[`projects renders correctly 1`] = `
<div
  className="projects"
>
  <a
    className="projects__item"
    href="/test_0"
  >
    <h2
      className="projects__item-title"
    >
      test_0
    </h2>
    <p
      className="projects__item-description"
    >
      test_0
    </p>
    <div
      className="projects__item-meta"
    />
  </a>
  <a
    className="projects__item"
    href="/test_1"
  >
    <h2
      className="projects__item-title"
    >
      test_1
    </h2>
    <p
      className="projects__item-description"
    >
      test_1
    </p>
    <div
      className="projects__item-meta"
    />
  </a>
</div>
`;
