// Jest Snapshot v1, https://goo.gl/fbAQLP

exports[`author renders correctly 1`] = `
<div
  className="author"
>
  <a
    href="/"
  >
    <img
      alt="test"
      className="author__photo"
      height="120"
      src="/photo.jpg"
      width="120"
    />
  </a>
  <h2
    className="author__title"
  >
    <a
      className="author__title-link"
      href="/"
    >
      test
    </a>
  </h2>
  <p
    className="author__subtitle"
  >
    Software engineer with an interest in the 
    <a
      href="/"
    >
      web
    </a>
    ,
     
    <a
      href="/"
    >
      creative coding
    </a>
     & 
    <a
      href="/"
    >
      more
    </a>
    .
  </p>
</div>
`;
