// Jest Snapshot v1, https://goo.gl/fbAQLP

exports[`Feed renders correctly 1`] = `
<div
  className="feed"
>
  <a
    className="feed__item"
    href="/test_0"
  >
    <div
      className="feed__item-meta"
    >
      <time
        className="feed__item-meta-time"
        dateTime="September 1, 2016"
      >
        September 1, 2016
      </time>
      <span
        className="feed__item-meta-divider"
      />
      <span
        className="feed__item-meta-readtime"
      >
        3
         minute
        s
         read
      </span>
    </div>
    <h2
      className="feed__item-title"
    >
      test_0
    </h2>
    <p
      className="feed__item-description"
    >
      test_0
    </p>
  </a>
  <a
    className="feed__item"
    href="/test_1"
  >
    <div
      className="feed__item-meta"
    >
      <time
        className="feed__item-meta-time"
        dateTime="September 1, 2016"
      >
        September 1, 2016
      </time>
      <span
        className="feed__item-meta-divider"
      />
      <span
        className="feed__item-meta-readtime"
      >
        1
         minute
        
         read
      </span>
    </div>
    <h2
      className="feed__item-title"
    >
      test_1
    </h2>
    <p
      className="feed__item-description"
    >
      test_1
    </p>
  </a>
</div>
`;
